../Core/Src/main.c:97:6:HAL_TIM_PeriodElapsedCallback	16	static
../Core/Src/main.c:105:6:HAL_TIM_OC_DelayElapsedCallback	16	static
../Core/Src/main.c:115:6:HAL_UART_RxCpltCallback	24	static
../Core/Src/main.c:192:5:main	8	static
../Core/Src/main.c:406:6:SystemClock_Config	88	static
../Core/Src/main.c:451:13:MX_NVIC_Init	8	static
../Core/Src/main.c:472:13:MX_TIM1_Init	56	static
../Core/Src/main.c:522:13:MX_TIM2_Init	56	static
../Core/Src/main.c:571:13:MX_TIM3_Init	56	static
../Core/Src/main.c:620:13:MX_TIM4_Init	56	static
../Core/Src/main.c:669:13:MX_TIM5_Init	64	static
../Core/Src/main.c:732:13:MX_TIM7_Init	16	static
../Core/Src/main.c:770:13:MX_TIM8_Init	96	static
../Core/Src/main.c:857:13:MX_TIM9_Init	56	static
../Core/Src/main.c:909:13:MX_USART2_UART_Init	8	static
../Core/Src/main.c:942:13:MX_USART3_UART_Init	8	static
../Core/Src/main.c:975:13:MX_USART6_UART_Init	8	static
../Core/Src/main.c:1008:13:MX_GPIO_Init	56	static
../Core/Src/main.c:1064:6:routine_wait_for_data	16	static
../Core/Src/main.c:1077:6:routine_move	16	static
../Core/Src/main.c:1194:6:routine_slide	8	static
../Core/Src/main.c:1328:6:Error_Handler	4	static,ignoring_inline_asm
